// Jest Snapshot v1, https://goo.gl/fbAQLP

exports[`component with custom methods should able to call its method from the component instance 1`] = `
Array [
  <p>
    Enjoy the movie 
    <span>
      üòéüçø
    </span>
  </p>,
]
`;

exports[`component with custom methods should able to call its method from the component instance 2`] = `
Array [
  <p />,
]
`;

exports[`component with custom methods should render properly 1`] = `
Array [
  <p />,
]
`;
